WARNING: Drop-in file /media/fat/downloader_arcade_roms_db.ini contains no sections, skipping.
WARNING: Drop-in file /media/fat/downloader_bios_db.ini contains no sections, skipping.
DEBUG| Config: {"curl_ssl":"","ssl_cert_file":"/etc/ssl/certs/cacert.pem","http_logging":false,"databases":{"distribution_mister":{"db_url":"https://raw.githubusercontent.com/MiSTer-devel/Distribution_MiSTer/main/db.json.zip","section":"distribution_mister"},"jtcores":{"db_url":"https://raw.githubusercontent.com/jotego/jtcores_mister/main/jtbindb.json.zip","section":"jtcores","options":{"filter":"[mister]","_props":{"filter":"[MiSTer]"}}},"coin-opcollection/distribution-misterfpga":{"db_url":"https://raw.githubusercontent.com/Coin-OpCollection/Distribution-MiSTerFPGA/db/db.json.zip","section":"coin-opcollection/distribution-misterfpga"},"theypsilon_unofficial_distribution":{"db_url":"https://raw.githubusercontent.com/theypsilon/Distribution_Unofficial_MiSTer/main/unofficialdb.json.zip","section":"theypsilon_unofficial_distribution"},"arcade_offset_folder":{"db_url":"https://raw.githubusercontent.com/Toryalai1/Arcade_Offset/db/arcadeoffsetdb.json.zip","section":"arcade_offset_folder"},"agg23_db":{"db_url":"https://raw.githubusercontent.com/agg23/mister-repository/db/manifest.json","section":"agg23_db"},"mister_sam_files":{"db_url":"https://raw.githubusercontent.com/mrchrisster/MiSTer_SAM/db/db.json.zip","section":"mister_sam_files"},"mrext/all":{"db_url":"https://raw.githubusercontent.com/wizzomafizzo/mrext/main/releases/all.json","section":"mrext/all"},"update_all_mister":{"db_url":"https://raw.githubusercontent.com/theypsilon/Update_All_MiSTer/db/update_all_db.json","section":"update_all_mister"}},"ignored_databases":[{"file":"/media/fat/downloader_arcade_roms_db.ini","reason":"empty"},{"file":"/media/fat/downloader_bios_db.ini","reason":"empty"}],"config_path":"/media/fat/downloader.ini","base_path":"/media/fat","base_system_path":"/media/fat","storage_priority":"prefer_sd","allow_delete":1,"allow_reboot":0,"update_linux":true,"downloader_threads_limit":6,"downloader_timeout":180,"downloader_retries":3,"zip_file_count_threshold":60,"zip_accumulated_mb_threshold":100,"filter":"","verbose":false,"bench":false,"debug":false,"default_db_id":"distribution_mister","start_time":34.72358322,"logfile":null,"is_pc_launcher":false,"skip_free_space_checks":false,"user_defined_options":[],"commit":"e5b2e02","fail_on_file_error":false,"file_checking":1,"minimum_system_free_space_mb":512,"minimum_external_free_space_mb":128,"http_proxy":"","http_config":null,"rotate_logs":true,"environment":{"DOWNLOADER_LAUNCHER_PATH":null,"DOWNLOADER_INI_PATH":"/media/fat/downloader.ini","EXTRA_DROP_IN_DATABASE_FILES":"","LOGFILE":null,"LOGLEVEL":"","CURL_SSL":"","COMMIT":"e5b2e02","ALLOW_REBOOT":"0","UPDATE_LINUX":"true","DEFAULT_DB_URL":"https://raw.githubusercontent.com/MiSTer-devel/Distribution_MiSTer/main/db.json.zip","DEFAULT_DB_ID":"distribution_mister","DEFAULT_BASE_PATH":null,"FORCED_BASE_PATH":null,"PC_LAUNCHER":null,"SKIP_FREE_SPACE_CHECKS":null,"DEBUG":"false","FAIL_ON_FILE_ERROR":"false","HTTP_PROXY":"","HTTPS_PROXY":"","ROTATE_LOGS":"true","SSL_CERT_FILE":"/etc/ssl/certs/cacert.pem"}}
START!

*********DEBUG| Traceback (most recent call last):
  File "/app/downloader/jobs/fetch_data_worker.py", line 54, in _fetch_data
  File "/usr/lib/python3.9/contextlib.py", line 117, in __enter__
  File "/app/downloader/http_gateway.py", line 95, in open
  File "/app/downloader/http_gateway.py", line 135, in _request
  File "/app/downloader/http_gateway.py", line 407, in do_request
  File "/usr/lib/python3.9/http/client.py", line 1257, in request
  File "/usr/lib/python3.9/http/client.py", line 1303, in _send_request
  File "/usr/lib/python3.9/http/client.py", line 1252, in endheaders
  File "/usr/lib/python3.9/http/client.py", line 1012, in _send_output
  File "/usr/lib/python3.9/http/client.py", line 952, in send
  File "/usr/lib/python3.9/http/client.py", line 1419, in connect
  File "/usr/lib/python3.9/http/client.py", line 923, in connect
  File "/usr/lib/python3.9/socket.py", line 822, in create_connection
  File "/usr/lib/python3.9/socket.py", line 953, in getaddrinfo
socket.gaierror: [Errno -3] Temporary failure in name resolution

The above exception was the direct cause of the following exception:

downloader.jobs.errors.FileDownloadError: Socket Address Error! https://raw.githubusercontent.com/agg23/mister-repository/db/manifest.json: [Errno -3] Temporary failure in name resolution
    CAUSE: Traceback (most recent call last):
      File "/app/downloader/jobs/fetch_data_worker.py", line 54, in _fetch_data
      File "/usr/lib/python3.9/contextlib.py", line 117, in __enter__
      File "/app/downloader/http_gateway.py", line 95, in open
      File "/app/downloader/http_gateway.py", line 135, in _request
      File "/app/downloader/http_gateway.py", line 407, in do_request
      File "/usr/lib/python3.9/http/client.py", line 1257, in request
      File "/usr/lib/python3.9/http/client.py", line 1303, in _send_request
      File "/usr/lib/python3.9/http/client.py", line 1252, in endheaders
      File "/usr/lib/python3.9/http/client.py", line 1012, in _send_output
      File "/usr/lib/python3.9/http/client.py", line 952, in send
      File "/usr/lib/python3.9/http/client.py", line 1419, in connect
      File "/usr/lib/python3.9/http/client.py", line 923, in connect
      File "/usr/lib/python3.9/socket.py", line 822, in create_connection
      File "/usr/lib/python3.9/socket.py", line 953, in getaddrinfo
    socket.gaierror: [Errno -3] Temporary failure in name resolution

DEBUG| Traceback (most recent call last):
  File "/app/downloader/jobs/fetch_data_worker.py", line 54, in _fetch_data
  File "/usr/lib/python3.9/contextlib.py", line 117, in __enter__
  File "/app/downloader/http_gateway.py", line 95, in open
  File "/app/downloader/http_gateway.py", line 135, in _request
  File "/app/downloader/http_gateway.py", line 407, in do_request
  File "/usr/lib/python3.9/http/client.py", line 1257, in request
  File "/usr/lib/python3.9/http/client.py", line 1303, in _send_request
  File "/usr/lib/python3.9/http/client.py", line 1252, in endheaders
  File "/usr/lib/python3.9/http/client.py", line 1012, in _send_output
  File "/usr/lib/python3.9/http/client.py", line 952, in send
  File "/usr/lib/python3.9/http/client.py", line 1419, in connect
  File "/usr/lib/python3.9/http/client.py", line 923, in connect
  File "/usr/lib/python3.9/socket.py", line 822, in create_connection
  File "/usr/lib/python3.9/socket.py", line 953, in getaddrinfo
socket.gaierror: [Errno -3] Temporary failure in name resolution

The above exception was the direct cause of the following exception:

downloader.jobs.errors.FileDownloadError: Socket Address Error! https://raw.githubusercontent.com/Coin-OpCollection/Distribution-MiSTerFPGA/db/db.json.zip: [Errno -3] Temporary failure in name resolution
    CAUSE: Traceback (most recent call last):
      File "/app/downloader/jobs/fetch_data_worker.py", line 54, in _fetch_data
      File "/usr/lib/python3.9/contextlib.py", line 117, in __enter__
      File "/app/downloader/http_gateway.py", line 95, in open
      File "/app/downloader/http_gateway.py", line 135, in _request
      File "/app/downloader/http_gateway.py", line 407, in do_request
      File "/usr/lib/python3.9/http/client.py", line 1257, in request
      File "/usr/lib/python3.9/http/client.py", line 1303, in _send_request
      File "/usr/lib/python3.9/http/client.py", line 1252, in endheaders
      File "/usr/lib/python3.9/http/client.py", line 1012, in _send_output
      File "/usr/lib/python3.9/http/client.py", line 952, in send
      File "/usr/lib/python3.9/http/client.py", line 1419, in connect
      File "/usr/lib/python3.9/http/client.py", line 923, in connect
      File "/usr/lib/python3.9/socket.py", line 822, in create_connection
      File "/usr/lib/python3.9/socket.py", line 953, in getaddrinfo
    socket.gaierror: [Errno -3] Temporary failure in name resolution

DEBUG| Traceback (most recent call last):
  File "/app/downloader/jobs/fetch_data_worker.py", line 54, in _fetch_data
  File "/usr/lib/python3.9/contextlib.py", line 117, in __enter__
  File "/app/downloader/http_gateway.py", line 95, in open
  File "/app/downloader/http_gateway.py", line 135, in _request
  File "/app/downloader/http_gateway.py", line 407, in do_request
  File "/usr/lib/python3.9/http/client.py", line 1257, in request
  File "/usr/lib/python3.9/http/client.py", line 1303, in _send_request
  File "/usr/lib/python3.9/http/client.py", line 1252, in endheaders
  File "/usr/lib/python3.9/http/client.py", line 1012, in _send_output
  File "/usr/lib/python3.9/http/client.py", line 952, in send
  File "/usr/lib/python3.9/http/client.py", line 1419, in connect
  File "/usr/lib/python3.9/http/client.py", line 923, in connect
  File "/usr/lib/python3.9/socket.py", line 822, in create_connection
  File "/usr/lib/python3.9/socket.py", line 953, in getaddrinfo
socket.gaierror: [Errno -3] Temporary failure in name resolution

The above exception was the direct cause of the following exception:

downloader.jobs.errors.FileDownloadError: Socket Address Error! https://raw.githubusercontent.com/jotego/jtcores_mister/main/jtbindb.json.zip: [Errno -3] Temporary failure in name resolution
    CAUSE: Traceback (most recent call last):
      File "/app/downloader/jobs/fetch_data_worker.py", line 54, in _fetch_data
      File "/usr/lib/python3.9/contextlib.py", line 117, in __enter__
      File "/app/downloader/http_gateway.py", line 95, in open
      File "/app/downloader/http_gateway.py", line 135, in _request
      File "/app/downloader/http_gateway.py", line 407, in do_request
      File "/usr/lib/python3.9/http/client.py", line 1257, in request
      File "/usr/lib/python3.9/http/client.py", line 1303, in _send_request
      File "/usr/lib/python3.9/http/client.py", line 1252, in endheaders
      File "/usr/lib/python3.9/http/client.py", line 1012, in _send_output
      File "/usr/lib/python3.9/http/client.py", line 952, in send
      File "/usr/lib/python3.9/http/client.py", line 1419, in connect
      File "/usr/lib/python3.9/http/client.py", line 923, in connect
      File "/usr/lib/python3.9/socket.py", line 822, in create_connection
      File "/usr/lib/python3.9/socket.py", line 953, in getaddrinfo
    socket.gaierror: [Errno -3] Temporary failure in name resolution

DEBUG| Traceback (most recent call last):
  File "/app/downloader/jobs/fetch_data_worker.py", line 54, in _fetch_data
  File "/usr/lib/python3.9/contextlib.py", line 117, in __enter__
  File "/app/downloader/http_gateway.py", line 95, in open
  File "/app/downloader/http_gateway.py", line 135, in _request
  File "/app/downloader/http_gateway.py", line 407, in do_request
  File "/usr/lib/python3.9/http/client.py", line 1257, in request
  File "/usr/lib/python3.9/http/client.py", line 1303, in _send_request
  File "/usr/lib/python3.9/http/client.py", line 1252, in endheaders
  File "/usr/lib/python3.9/http/client.py", line 1012, in _send_output
  File "/usr/lib/python3.9/http/client.py", line 952, in send
  File "/usr/lib/python3.9/http/client.py", line 1419, in connect
  File "/usr/lib/python3.9/http/client.py", line 923, in connect
  File "/usr/lib/python3.9/socket.py", line 822, in create_connection
  File "/usr/lib/python3.9/socket.py", line 953, in getaddrinfo
socket.gaierror: [Errno -3] Temporary failure in name resolution

The above exception was the direct cause of the following exception:

downloader.jobs.errors.FileDownloadError: Socket Address Error! https://raw.githubusercontent.com/theypsilon/Distribution_Unofficial_MiSTer/main/unofficialdb.json.zip: [Errno -3] Temporary failure in name resolution
    CAUSE: Traceback (most recent call last):
      File "/app/downloader/jobs/fetch_data_worker.py", line 54, in _fetch_data
      File "/usr/lib/python3.9/contextlib.py", line 117, in __enter__
      File "/app/downloader/http_gateway.py", line 95, in open
      File "/app/downloader/http_gateway.py", line 135, in _request
      File "/app/downloader/http_gateway.py", line 407, in do_request
      File "/usr/lib/python3.9/http/client.py", line 1257, in request
      File "/usr/lib/python3.9/http/client.py", line 1303, in _send_request
      File "/usr/lib/python3.9/http/client.py", line 1252, in endheaders
      File "/usr/lib/python3.9/http/client.py", line 1012, in _send_output
      File "/usr/lib/python3.9/http/client.py", line 952, in send
      File "/usr/lib/python3.9/http/client.py", line 1419, in connect
      File "/usr/lib/python3.9/http/client.py", line 923, in connect
      File "/usr/lib/python3.9/socket.py", line 822, in create_connection
      File "/usr/lib/python3.9/socket.py", line 953, in getaddrinfo
    socket.gaierror: [Errno -3] Temporary failure in name resolution

ERROR: Socket Address Error! https://raw.githubusercontent.com/theypsilon/Distribution_Unofficial_MiSTer/main/unofficialdb.json.zip: [Errno -3] Temporary failure in name resolution
ERROR: Socket Address Error! https://raw.githubusercontent.com/Coin-OpCollection/Distribution-MiSTerFPGA/db/db.json.zip: [Errno -3] Temporary failure in name resolution
DEBUG| Traceback (most recent call last):
  File "/app/downloader/jobs/fetch_data_worker.py", line 54, in _fetch_data
  File "/usr/lib/python3.9/contextlib.py", line 117, in __enter__
  File "/app/downloader/http_gateway.py", line 95, in open
  File "/app/downloader/http_gateway.py", line 135, in _request
  File "/app/downloader/http_gateway.py", line 407, in do_request
  File "/usr/lib/python3.9/http/client.py", line 1257, in request
  File "/usr/lib/python3.9/http/client.py", line 1303, in _send_request
  File "/usr/lib/python3.9/http/client.py", line 1252, in endheaders
  File "/usr/lib/python3.9/http/client.py", line 1012, in _send_output
  File "/usr/lib/python3.9/http/client.py", line 952, in send
  File "/usr/lib/python3.9/http/client.py", line 1419, in connect
  File "/usr/lib/python3.9/http/client.py", line 923, in connect
  File "/usr/lib/python3.9/socket.py", line 822, in create_connection
  File "/usr/lib/python3.9/socket.py", line 953, in getaddrinfo
socket.gaierror: [Errno -3] Temporary failure in name resolution

The above exception was the direct cause of the following exception:

downloader.jobs.errors.FileDownloadError: Socket Address Error! https://raw.githubusercontent.com/MiSTer-devel/Distribution_MiSTer/main/db.json.zip: [Errno -3] Temporary failure in name resolution
    CAUSE: Traceback (most recent call last):
      File "/app/downloader/jobs/fetch_data_worker.py", line 54, in _fetch_data
      File "/usr/lib/python3.9/contextlib.py", line 117, in __enter__
      File "/app/downloader/http_gateway.py", line 95, in open
      File "/app/downloader/http_gateway.py", line 135, in _request
      File "/app/downloader/http_gateway.py", line 407, in do_request
      File "/usr/lib/python3.9/http/client.py", line 1257, in request
      File "/usr/lib/python3.9/http/client.py", line 1303, in _send_request
      File "/usr/lib/python3.9/http/client.py", line 1252, in endheaders
      File "/usr/lib/python3.9/http/client.py", line 1012, in _send_output
      File "/usr/lib/python3.9/http/client.py", line 952, in send
      File "/usr/lib/python3.9/http/client.py", line 1419, in connect
      File "/usr/lib/python3.9/http/client.py", line 923, in connect
      File "/usr/lib/python3.9/socket.py", line 822, in create_connection
      File "/usr/lib/python3.9/socket.py", line 953, in getaddrinfo
    socket.gaierror: [Errno -3] Temporary failure in name resolution

ERROR: Socket Address Error! https://raw.githubusercontent.com/MiSTer-devel/Distribution_MiSTer/main/db.json.zip: [Errno -3] Temporary failure in name resolution
DEBUG| Traceback (most recent call last):
  File "/app/downloader/jobs/fetch_data_worker.py", line 54, in _fetch_data
  File "/usr/lib/python3.9/contextlib.py", line 117, in __enter__
  File "/app/downloader/http_gateway.py", line 95, in open
  File "/app/downloader/http_gateway.py", line 135, in _request
  File "/app/downloader/http_gateway.py", line 407, in do_request
  File "/usr/lib/python3.9/http/client.py", line 1257, in request
  File "/usr/lib/python3.9/http/client.py", line 1303, in _send_request
  File "/usr/lib/python3.9/http/client.py", line 1252, in endheaders
  File "/usr/lib/python3.9/http/client.py", line 1012, in _send_output
  File "/usr/lib/python3.9/http/client.py", line 952, in send
  File "/usr/lib/python3.9/http/client.py", line 1419, in connect
  File "/usr/lib/python3.9/http/client.py", line 923, in connect
  File "/usr/lib/python3.9/socket.py", line 822, in create_connection
  File "/usr/lib/python3.9/socket.py", line 953, in getaddrinfo
socket.gaierror: [Errno -3] Temporary failure in name resolution

The above exception was the direct cause of the following exception:

downloader.jobs.errors.FileDownloadError: Socket Address Error! https://raw.githubusercontent.com/Toryalai1/Arcade_Offset/db/arcadeoffsetdb.json.zip: [Errno -3] Temporary failure in name resolution
    CAUSE: Traceback (most recent call last):
      File "/app/downloader/jobs/fetch_data_worker.py", line 54, in _fetch_data
      File "/usr/lib/python3.9/contextlib.py", line 117, in __enter__
      File "/app/downloader/http_gateway.py", line 95, in open
      File "/app/downloader/http_gateway.py", line 135, in _request
      File "/app/downloader/http_gateway.py", line 407, in do_request
      File "/usr/lib/python3.9/http/client.py", line 1257, in request
      File "/usr/lib/python3.9/http/client.py", line 1303, in _send_request
      File "/usr/lib/python3.9/http/client.py", line 1252, in endheaders
      File "/usr/lib/python3.9/http/client.py", line 1012, in _send_output
      File "/usr/lib/python3.9/http/client.py", line 952, in send
      File "/usr/lib/python3.9/http/client.py", line 1419, in connect
      File "/usr/lib/python3.9/http/client.py", line 923, in connect
      File "/usr/lib/python3.9/socket.py", line 822, in create_connection
      File "/usr/lib/python3.9/socket.py", line 953, in getaddrinfo
    socket.gaierror: [Errno -3] Temporary failure in name resolution

ERROR: Socket Address Error! https://raw.githubusercontent.com/Toryalai1/Arcade_Offset/db/arcadeoffsetdb.json.zip: [Errno -3] Temporary failure in name resolution
ERROR: Socket Address Error! https://raw.githubusercontent.com/jotego/jtcores_mister/main/jtbindb.json.zip: [Errno -3] Temporary failure in name resolution
ERROR: Socket Address Error! https://raw.githubusercontent.com/agg23/mister-repository/db/manifest.json: [Errno -3] Temporary failure in name resolution
*********DEBUG| Traceback (most recent call last):
  File "/app/downloader/jobs/fetch_data_worker.py", line 54, in _fetch_data
  File "/usr/lib/python3.9/contextlib.py", line 117, in __enter__
  File "/app/downloader/http_gateway.py", line 95, in open
  File "/app/downloader/http_gateway.py", line 135, in _request
  File "/app/downloader/http_gateway.py", line 407, in do_request
  File "/usr/lib/python3.9/http/client.py", line 1257, in request
  File "/usr/lib/python3.9/http/client.py", line 1303, in _send_request
  File "/usr/lib/python3.9/http/client.py", line 1252, in endheaders
  File "/usr/lib/python3.9/http/client.py", line 1012, in _send_output
  File "/usr/lib/python3.9/http/client.py", line 952, in send
  File "/usr/lib/python3.9/http/client.py", line 1419, in connect
  File "/usr/lib/python3.9/http/client.py", line 923, in connect
  File "/usr/lib/python3.9/socket.py", line 822, in create_connection
  File "/usr/lib/python3.9/socket.py", line 953, in getaddrinfo
socket.gaierror: [Errno -3] Temporary failure in name resolution

The above exception was the direct cause of the following exception:

downloader.jobs.errors.FileDownloadError: Socket Address Error! https://raw.githubusercontent.com/mrchrisster/MiSTer_SAM/db/db.json.zip: [Errno -3] Temporary failure in name resolution
    CAUSE: Traceback (most recent call last):
      File "/app/downloader/jobs/fetch_data_worker.py", line 54, in _fetch_data
      File "/usr/lib/python3.9/contextlib.py", line 117, in __enter__
      File "/app/downloader/http_gateway.py", line 95, in open
      File "/app/downloader/http_gateway.py", line 135, in _request
      File "/app/downloader/http_gateway.py", line 407, in do_request
      File "/usr/lib/python3.9/http/client.py", line 1257, in request
      File "/usr/lib/python3.9/http/client.py", line 1303, in _send_request
      File "/usr/lib/python3.9/http/client.py", line 1252, in endheaders
      File "/usr/lib/python3.9/http/client.py", line 1012, in _send_output
      File "/usr/lib/python3.9/http/client.py", line 952, in send
      File "/usr/lib/python3.9/http/client.py", line 1419, in connect
      File "/usr/lib/python3.9/http/client.py", line 923, in connect
      File "/usr/lib/python3.9/socket.py", line 822, in create_connection
      File "/usr/lib/python3.9/socket.py", line 953, in getaddrinfo
    socket.gaierror: [Errno -3] Temporary failure in name resolution

DEBUG| Traceback (most recent call last):
  File "/app/downloader/jobs/fetch_data_worker.py", line 54, in _fetch_data
  File "/usr/lib/python3.9/contextlib.py", line 117, in __enter__
  File "/app/downloader/http_gateway.py", line 95, in open
  File "/app/downloader/http_gateway.py", line 135, in _request
  File "/app/downloader/http_gateway.py", line 407, in do_request
  File "/usr/lib/python3.9/http/client.py", line 1257, in request
  File "/usr/lib/python3.9/http/client.py", line 1303, in _send_request
  File "/usr/lib/python3.9/http/client.py", line 1252, in endheaders
  File "/usr/lib/python3.9/http/client.py", line 1012, in _send_output
  File "/usr/lib/python3.9/http/client.py", line 952, in send
  File "/usr/lib/python3.9/http/client.py", line 1419, in connect
  File "/usr/lib/python3.9/http/client.py", line 923, in connect
  File "/usr/lib/python3.9/socket.py", line 822, in create_connection
  File "/usr/lib/python3.9/socket.py", line 953, in getaddrinfo
socket.gaierror: [Errno -3] Temporary failure in name resolution

The above exception was the direct cause of the following exception:

downloader.jobs.errors.FileDownloadError: Socket Address Error! https://raw.githubusercontent.com/MiSTer-devel/Distribution_MiSTer/main/db.json.zip: [Errno -3] Temporary failure in name resolution
    CAUSE: Traceback (most recent call last):
      File "/app/downloader/jobs/fetch_data_worker.py", line 54, in _fetch_data
      File "/usr/lib/python3.9/contextlib.py", line 117, in __enter__
      File "/app/downloader/http_gateway.py", line 95, in open
      File "/app/downloader/http_gateway.py", line 135, in _request
      File "/app/downloader/http_gateway.py", line 407, in do_request
      File "/usr/lib/python3.9/http/client.py", line 1257, in request
      File "/usr/lib/python3.9/http/client.py", line 1303, in _send_request
      File "/usr/lib/python3.9/http/client.py", line 1252, in endheaders
      File "/usr/lib/python3.9/http/client.py", line 1012, in _send_output
      File "/usr/lib/python3.9/http/client.py", line 952, in send
      File "/usr/lib/python3.9/http/client.py", line 1419, in connect
      File "/usr/lib/python3.9/http/client.py", line 923, in connect
      File "/usr/lib/python3.9/socket.py", line 822, in create_connection
      File "/usr/lib/python3.9/socket.py", line 953, in getaddrinfo
    socket.gaierror: [Errno -3] Temporary failure in name resolution

ERROR: Socket Address Error! https://raw.githubusercontent.com/MiSTer-devel/Distribution_MiSTer/main/db.json.zip: [Errno -3] Temporary failure in name resolution
DEBUG| Traceback (most recent call last):
  File "/app/downloader/jobs/fetch_data_worker.py", line 54, in _fetch_data
  File "/usr/lib/python3.9/contextlib.py", line 117, in __enter__
  File "/app/downloader/http_gateway.py", line 95, in open
  File "/app/downloader/http_gateway.py", line 135, in _request
  File "/app/downloader/http_gateway.py", line 407, in do_request
  File "/usr/lib/python3.9/http/client.py", line 1257, in request
  File "/usr/lib/python3.9/http/client.py", line 1303, in _send_request
  File "/usr/lib/python3.9/http/client.py", line 1252, in endheaders
  File "/usr/lib/python3.9/http/client.py", line 1012, in _send_output
  File "/usr/lib/python3.9/http/client.py", line 952, in send
  File "/usr/lib/python3.9/http/client.py", line 1419, in connect
  File "/usr/lib/python3.9/http/client.py", line 923, in connect
  File "/usr/lib/python3.9/socket.py", line 822, in create_connection
  File "/usr/lib/python3.9/socket.py", line 953, in getaddrinfo
socket.gaierror: [Errno -3] Temporary failure in name resolution

The above exception was the direct cause of the following exception:

downloader.jobs.errors.FileDownloadError: Socket Address Error! https://raw.githubusercontent.com/theypsilon/Update_All_MiSTer/db/update_all_db.json: [Errno -3] Temporary failure in name resolution
    CAUSE: Traceback (most recent call last):
      File "/app/downloader/jobs/fetch_data_worker.py", line 54, in _fetch_data
      File "/usr/lib/python3.9/contextlib.py", line 117, in __enter__
      File "/app/downloader/http_gateway.py", line 95, in open
      File "/app/downloader/http_gateway.py", line 135, in _request
      File "/app/downloader/http_gateway.py", line 407, in do_request
      File "/usr/lib/python3.9/http/client.py", line 1257, in request
      File "/usr/lib/python3.9/http/client.py", line 1303, in _send_request
      File "/usr/lib/python3.9/http/client.py", line 1252, in endheaders
      File "/usr/lib/python3.9/http/client.py", line 1012, in _send_output
      File "/usr/lib/python3.9/http/client.py", line 952, in send
      File "/usr/lib/python3.9/http/client.py", line 1419, in connect
      File "/usr/lib/python3.9/http/client.py", line 923, in connect
      File "/usr/lib/python3.9/socket.py", line 822, in create_connection
      File "/usr/lib/python3.9/socket.py", line 953, in getaddrinfo
    socket.gaierror: [Errno -3] Temporary failure in name resolution

ERROR: Socket Address Error! https://raw.githubusercontent.com/theypsilon/Update_All_MiSTer/db/update_all_db.json: [Errno -3] Temporary failure in name resolution
ERROR: Socket Address Error! https://raw.githubusercontent.com/mrchrisster/MiSTer_SAM/db/db.json.zip: [Errno -3] Temporary failure in name resolution
DEBUG| Traceback (most recent call last):
  File "/app/downloader/jobs/fetch_data_worker.py", line 54, in _fetch_data
  File "/usr/lib/python3.9/contextlib.py", line 117, in __enter__
  File "/app/downloader/http_gateway.py", line 95, in open
  File "/app/downloader/http_gateway.py", line 135, in _request
  File "/app/downloader/http_gateway.py", line 407, in do_request
  File "/usr/lib/python3.9/http/client.py", line 1257, in request
  File "/usr/lib/python3.9/http/client.py", line 1303, in _send_request
  File "/usr/lib/python3.9/http/client.py", line 1252, in endheaders
  File "/usr/lib/python3.9/http/client.py", line 1012, in _send_output
  File "/usr/lib/python3.9/http/client.py", line 952, in send
  File "/usr/lib/python3.9/http/client.py", line 1419, in connect
  File "/usr/lib/python3.9/http/client.py", line 923, in connect
  File "/usr/lib/python3.9/socket.py", line 822, in create_connection
  File "/usr/lib/python3.9/socket.py", line 953, in getaddrinfo
socket.gaierror: [Errno -3] Temporary failure in name resolution

The above exception was the direct cause of the following exception:

downloader.jobs.errors.FileDownloadError: Socket Address Error! https://raw.githubusercontent.com/wizzomafizzo/mrext/main/releases/all.json: [Errno -3] Temporary failure in name resolution
    CAUSE: Traceback (most recent call last):
      File "/app/downloader/jobs/fetch_data_worker.py", line 54, in _fetch_data
      File "/usr/lib/python3.9/contextlib.py", line 117, in __enter__
      File "/app/downloader/http_gateway.py", line 95, in open
      File "/app/downloader/http_gateway.py", line 135, in _request
      File "/app/downloader/http_gateway.py", line 407, in do_request
      File "/usr/lib/python3.9/http/client.py", line 1257, in request
      File "/usr/lib/python3.9/http/client.py", line 1303, in _send_request
      File "/usr/lib/python3.9/http/client.py", line 1252, in endheaders
      File "/usr/lib/python3.9/http/client.py", line 1012, in _send_output
      File "/usr/lib/python3.9/http/client.py", line 952, in send
      File "/usr/lib/python3.9/http/client.py", line 1419, in connect
      File "/usr/lib/python3.9/http/client.py", line 923, in connect
      File "/usr/lib/python3.9/socket.py", line 822, in create_connection
      File "/usr/lib/python3.9/socket.py", line 953, in getaddrinfo
    socket.gaierror: [Errno -3] Temporary failure in name resolution

ERROR: Socket Address Error! https://raw.githubusercontent.com/wizzomafizzo/mrext/main/releases/all.json: [Errno -3] Temporary failure in name resolution
DEBUG| Traceback (most recent call last):
  File "/app/downloader/jobs/fetch_data_worker.py", line 54, in _fetch_data
  File "/usr/lib/python3.9/contextlib.py", line 117, in __enter__
  File "/app/downloader/http_gateway.py", line 95, in open
  File "/app/downloader/http_gateway.py", line 135, in _request
  File "/app/downloader/http_gateway.py", line 407, in do_request
  File "/usr/lib/python3.9/http/client.py", line 1257, in request
  File "/usr/lib/python3.9/http/client.py", line 1303, in _send_request
  File "/usr/lib/python3.9/http/client.py", line 1252, in endheaders
  File "/usr/lib/python3.9/http/client.py", line 1012, in _send_output
  File "/usr/lib/python3.9/http/client.py", line 952, in send
  File "/usr/lib/python3.9/http/client.py", line 1419, in connect
  File "/usr/lib/python3.9/http/client.py", line 923, in connect
  File "/usr/lib/python3.9/socket.py", line 822, in create_connection
  File "/usr/lib/python3.9/socket.py", line 953, in getaddrinfo
socket.gaierror: [Errno -3] Temporary failure in name resolution

The above exception was the direct cause of the following exception:

downloader.jobs.errors.FileDownloadError: Socket Address Error! https://raw.githubusercontent.com/Coin-OpCollection/Distribution-MiSTerFPGA/db/db.json.zip: [Errno -3] Temporary failure in name resolution
    CAUSE: Traceback (most recent call last):
      File "/app/downloader/jobs/fetch_data_worker.py", line 54, in _fetch_data
      File "/usr/lib/python3.9/contextlib.py", line 117, in __enter__
      File "/app/downloader/http_gateway.py", line 95, in open
      File "/app/downloader/http_gateway.py", line 135, in _request
      File "/app/downloader/http_gateway.py", line 407, in do_request
      File "/usr/lib/python3.9/http/client.py", line 1257, in request
      File "/usr/lib/python3.9/http/client.py", line 1303, in _send_request
      File "/usr/lib/python3.9/http/client.py", line 1252, in endheaders
      File "/usr/lib/python3.9/http/client.py", line 1012, in _send_output
      File "/usr/lib/python3.9/http/client.py", line 952, in send
      File "/usr/lib/python3.9/http/client.py", line 1419, in connect
      File "/usr/lib/python3.9/http/client.py", line 923, in connect
      File "/usr/lib/python3.9/socket.py", line 822, in create_connection
      File "/usr/lib/python3.9/socket.py", line 953, in getaddrinfo
    socket.gaierror: [Errno -3] Temporary failure in name resolution

ERROR: Socket Address Error! https://raw.githubusercontent.com/Coin-OpCollection/Distribution-MiSTerFPGA/db/db.json.zip: [Errno -3] Temporary failure in name resolution
DEBUG| Traceback (most recent call last):
  File "/app/downloader/jobs/fetch_data_worker.py", line 54, in _fetch_data
  File "/usr/lib/python3.9/contextlib.py", line 117, in __enter__
  File "/app/downloader/http_gateway.py", line 95, in open
  File "/app/downloader/http_gateway.py", line 135, in _request
  File "/app/downloader/http_gateway.py", line 407, in do_request
  File "/usr/lib/python3.9/http/client.py", line 1257, in request
  File "/usr/lib/python3.9/http/client.py", line 1303, in _send_request
  File "/usr/lib/python3.9/http/client.py", line 1252, in endheaders
  File "/usr/lib/python3.9/http/client.py", line 1012, in _send_output
  File "/usr/lib/python3.9/http/client.py", line 952, in send
  File "/usr/lib/python3.9/http/client.py", line 1419, in connect
  File "/usr/lib/python3.9/http/client.py", line 923, in connect
  File "/usr/lib/python3.9/socket.py", line 822, in create_connection
  File "/usr/lib/python3.9/socket.py", line 953, in getaddrinfo
socket.gaierror: [Errno -3] Temporary failure in name resolution

The above exception was the direct cause of the following exception:

downloader.jobs.errors.FileDownloadError: Socket Address Error! https://raw.githubusercontent.com/theypsilon/Distribution_Unofficial_MiSTer/main/unofficialdb.json.zip: [Errno -3] Temporary failure in name resolution
    CAUSE: Traceback (most recent call last):
      File "/app/downloader/jobs/fetch_data_worker.py", line 54, in _fetch_data
      File "/usr/lib/python3.9/contextlib.py", line 117, in __enter__
      File "/app/downloader/http_gateway.py", line 95, in open
      File "/app/downloader/http_gateway.py", line 135, in _request
      File "/app/downloader/http_gateway.py", line 407, in do_request
      File "/usr/lib/python3.9/http/client.py", line 1257, in request
      File "/usr/lib/python3.9/http/client.py", line 1303, in _send_request
      File "/usr/lib/python3.9/http/client.py", line 1252, in endheaders
      File "/usr/lib/python3.9/http/client.py", line 1012, in _send_output
      File "/usr/lib/python3.9/http/client.py", line 952, in send
      File "/usr/lib/python3.9/http/client.py", line 1419, in connect
      File "/usr/lib/python3.9/http/client.py", line 923, in connect
      File "/usr/lib/python3.9/socket.py", line 822, in create_connection
      File "/usr/lib/python3.9/socket.py", line 953, in getaddrinfo
    socket.gaierror: [Errno -3] Temporary failure in name resolution

ERROR: Socket Address Error! https://raw.githubusercontent.com/theypsilon/Distribution_Unofficial_MiSTer/main/unofficialdb.json.zip: [Errno -3] Temporary failure in name resolution
*********DEBUG| DEBUG| Traceback (most recent call last):
  File "/app/downloader/jobs/fetch_data_worker.py", line 54, in _fetch_data
  File "/usr/lib/python3.9/contextlib.py", line 117, in __enter__
  File "/app/downloader/http_gateway.py", line 95, in open
  File "/app/downloader/http_gateway.py", line 135, in _request
  File "/app/downloader/http_gateway.py", line 407, in do_request
  File "/usr/lib/python3.9/http/client.py", line 1257, in request
  File "/usr/lib/python3.9/http/client.py", line 1303, in _send_request
  File "/usr/lib/python3.9/http/client.py", line 1252, in endheaders
  File "/usr/lib/python3.9/http/client.py", line 1012, in _send_output
  File "/usr/lib/python3.9/http/client.py", line 952, in send
  File "/usr/lib/python3.9/http/client.py", line 1419, in connect
  File "/usr/lib/python3.9/http/client.py", line 923, in connect
  File "/usr/lib/python3.9/socket.py", line 822, in create_connection
  File "/usr/lib/python3.9/socket.py", line 953, in getaddrinfo
socket.gaierror: [Errno -3] Temporary failure in name resolution

The above exception was the direct cause of the following exception:

downloader.jobs.errors.FileDownloadError: Socket Address Error! https://raw.githubusercontent.com/MiSTer-devel/Distribution_MiSTer/main/db.json.zip: [Errno -3] Temporary failure in name resolution
    CAUSE: Traceback (most recent call last):
      File "/app/downloader/jobs/fetch_data_worker.py", line 54, in _fetch_data
      File "/usr/lib/python3.9/contextlib.py", line 117, in __enter__
      File "/app/downloader/http_gateway.py", line 95, in open
      File "/app/downloader/http_gateway.py", line 135, in _request
      File "/app/downloader/http_gateway.py", line 407, in do_request
      File "/usr/lib/python3.9/http/client.py", line 1257, in request
      File "/usr/lib/python3.9/http/client.py", line 1303, in _send_request
      File "/usr/lib/python3.9/http/client.py", line 1252, in endheaders
      File "/usr/lib/python3.9/http/client.py", line 1012, in _send_output
      File "/usr/lib/python3.9/http/client.py", line 952, in send
      File "/usr/lib/python3.9/http/client.py", line 1419, in connect
      File "/usr/lib/python3.9/http/client.py", line 923, in connect
      File "/usr/lib/python3.9/socket.py", line 822, in create_connection
      File "/usr/lib/python3.9/socket.py", line 953, in getaddrinfo
    socket.gaierror: [Errno -3] Temporary failure in name resolution

DEBUG| Traceback (most recent call last):
  File "/app/downloader/jobs/fetch_data_worker.py", line 54, in _fetch_data
  File "/usr/lib/python3.9/contextlib.py", line 117, in __enter__
  File "/app/downloader/http_gateway.py", line 95, in open
  File "/app/downloader/http_gateway.py", line 135, in _request
  File "/app/downloader/http_gateway.py", line 407, in do_request
  File "/usr/lib/python3.9/http/client.py", line 1257, in request
  File "/usr/lib/python3.9/http/client.py", line 1303, in _send_request
  File "/usr/lib/python3.9/http/client.py", line 1252, in endheaders
  File "/usr/lib/python3.9/http/client.py", line 1012, in _send_output
  File "/usr/lib/python3.9/http/client.py", line 952, in send
  File "/usr/lib/python3.9/http/client.py", line 1419, in connect
  File "/usr/lib/python3.9/http/client.py", line 923, in connect
  File "/usr/lib/python3.9/socket.py", line 822, in create_connection
  File "/usr/lib/python3.9/socket.py", line 953, in getaddrinfo
socket.gaierror: [Errno -3] Temporary failure in name resolution

The above exception was the direct cause of the following exception:

downloader.jobs.errors.FileDownloadError: Socket Address Error! https://raw.githubusercontent.com/mrchrisster/MiSTer_SAM/db/db.json.zip: [Errno -3] Temporary failure in name resolution
    CAUSE: Traceback (most recent call last):
      File "/app/downloader/jobs/fetch_data_worker.py", line 54, in _fetch_data
      File "/usr/lib/python3.9/contextlib.py", line 117, in __enter__
      File "/app/downloader/http_gateway.py", line 95, in open
      File "/app/downloader/http_gateway.py", line 135, in _request
      File "/app/downloader/http_gateway.py", line 407, in do_request
      File "/usr/lib/python3.9/http/client.py", line 1257, in request
      File "/usr/lib/python3.9/http/client.py", line 1303, in _send_request
      File "/usr/lib/python3.9/http/client.py", line 1252, in endheaders
      File "/usr/lib/python3.9/http/client.py", line 1012, in _send_output
      File "/usr/lib/python3.9/http/client.py", line 952, in send
      File "/usr/lib/python3.9/http/client.py", line 1419, in connect
      File "/usr/lib/python3.9/http/client.py", line 923, in connect
      File "/usr/lib/python3.9/socket.py", line 822, in create_connection
      File "/usr/lib/python3.9/socket.py", line 953, in getaddrinfo
    socket.gaierror: [Errno -3] Temporary failure in name resolution

DEBUG| Traceback (most recent call last):
  File "/app/downloader/jobs/fetch_data_worker.py", line 54, in _fetch_data
  File "/usr/lib/python3.9/contextlib.py", line 117, in __enter__
  File "/app/downloader/http_gateway.py", line 95, in open
  File "/app/downloader/http_gateway.py", line 135, in _request
  File "/app/downloader/http_gateway.py", line 407, in do_request
  File "/usr/lib/python3.9/http/client.py", line 1257, in request
  File "/usr/lib/python3.9/http/client.py", line 1303, in _send_request
  File "/usr/lib/python3.9/http/client.py", line 1252, in endheaders
  File "/usr/lib/python3.9/http/client.py", line 1012, in _send_output
  File "/usr/lib/python3.9/http/client.py", line 952, in send
  File "/usr/lib/python3.9/http/client.py", line 1419, in connect
  File "/usr/lib/python3.9/http/client.py", line 923, in connect
  File "/usr/lib/python3.9/socket.py", line 822, in create_connection
  File "/usr/lib/python3.9/socket.py", line 953, in getaddrinfo
socket.gaierror: [Errno -3] Temporary failure in name resolution

The above exception was the direct cause of the following exception:

downloader.jobs.errors.FileDownloadError: Socket Address Error! https://raw.githubusercontent.com/agg23/mister-repository/db/manifest.json: [Errno -3] Temporary failure in name resolution
    CAUSE: Traceback (most recent call last):
      File "/app/downloader/jobs/fetch_data_worker.py", line 54, in _fetch_data
      File "/usr/lib/python3.9/contextlib.py", line 117, in __enter__
      File "/app/downloader/http_gateway.py", line 95, in open
      File "/app/downloader/http_gateway.py", line 135, in _request
      File "/app/downloader/http_gateway.py", line 407, in do_request
      File "/usr/lib/python3.9/http/client.py", line 1257, in request
      File "/usr/lib/python3.9/http/client.py", line 1303, in _send_request
      File "/usr/lib/python3.9/http/client.py", line 1252, in endheaders
      File "/usr/lib/python3.9/http/client.py", line 1012, in _send_output
      File "/usr/lib/python3.9/http/client.py", line 952, in send
      File "/usr/lib/python3.9/http/client.py", line 1419, in connect
      File "/usr/lib/python3.9/http/client.py", line 923, in connect
      File "/usr/lib/python3.9/socket.py", line 822, in create_connection
      File "/usr/lib/python3.9/socket.py", line 953, in getaddrinfo
    socket.gaierror: [Errno -3] Temporary failure in name resolution

ERROR: Socket Address Error! https://raw.githubusercontent.com/agg23/mister-repository/db/manifest.json: [Errno -3] Temporary failure in name resolution
DEBUG| Traceback (most recent call last):
  File "/app/downloader/jobs/fetch_data_worker.py", line 54, in _fetch_data
  File "/usr/lib/python3.9/contextlib.py", line 117, in __enter__
  File "/app/downloader/http_gateway.py", line 95, in open
  File "/app/downloader/http_gateway.py", line 135, in _request
  File "/app/downloader/http_gateway.py", line 407, in do_request
  File "/usr/lib/python3.9/http/client.py", line 1257, in request
  File "/usr/lib/python3.9/http/client.py", line 1303, in _send_request
  File "/usr/lib/python3.9/http/client.py", line 1252, in endheaders
  File "/usr/lib/python3.9/http/client.py", line 1012, in _send_output
  File "/usr/lib/python3.9/http/client.py", line 952, in send
  File "/usr/lib/python3.9/http/client.py", line 1419, in connect
  File "/usr/lib/python3.9/http/client.py", line 923, in connect
  File "/usr/lib/python3.9/socket.py", line 822, in create_connection
  File "/usr/lib/python3.9/socket.py", line 953, in getaddrinfo
socket.gaierror: [Errno -3] Temporary failure in name resolution

The above exception was the direct cause of the following exception:

downloader.jobs.errors.FileDownloadError: Socket Address Error! https://raw.githubusercontent.com/jotego/jtcores_mister/main/jtbindb.json.zip: [Errno -3] Temporary failure in name resolution
    CAUSE: Traceback (most recent call last):
      File "/app/downloader/jobs/fetch_data_worker.py", line 54, in _fetch_data
      File "/usr/lib/python3.9/contextlib.py", line 117, in __enter__
      File "/app/downloader/http_gateway.py", line 95, in open
      File "/app/downloader/http_gateway.py", line 135, in _request
      File "/app/downloader/http_gateway.py", line 407, in do_request
      File "/usr/lib/python3.9/http/client.py", line 1257, in request
      File "/usr/lib/python3.9/http/client.py", line 1303, in _send_request
      File "/usr/lib/python3.9/http/client.py", line 1252, in endheaders
      File "/usr/lib/python3.9/http/client.py", line 1012, in _send_output
      File "/usr/lib/python3.9/http/client.py", line 952, in send
      File "/usr/lib/python3.9/http/client.py", line 1419, in connect
      File "/usr/lib/python3.9/http/client.py", line 923, in connect
      File "/usr/lib/python3.9/socket.py", line 822, in create_connection
      File "/usr/lib/python3.9/socket.py", line 953, in getaddrinfo
    socket.gaierror: [Errno -3] Temporary failure in name resolution

ERROR: Socket Address Error! https://raw.githubusercontent.com/jotego/jtcores_mister/main/jtbindb.json.zip: [Errno -3] Temporary failure in name resolution
ERROR: Socket Address Error! https://raw.githubusercontent.com/theypsilon/Update_All_MiSTer/db/update_all_db.json: [Errno -3] Temporary failure in name resolution
*********DEBUG| 95, in open
      File "/app/downloader/http_gateway.py", line 135, in _request
      File "/app/downloader/http_gateway.py", line 407, in do_request
      File "/usr/lib/python3.9/http/client.py", line 1257, in request
      File "/usr/lib/python3.9/http/client.py", line 1303, in _send_request
      File "/usr/lib/python3.9/http/client.py", line 1252, in endheaders
      File "/usr/lib/python3.9/http/client.py", line 1012, in _send_output
      File "/usr/lib/python3.9/http/client.py", line 952, in send
      File "/usr/lib/python3.9/http/client.py", line 1419, in connect
      File "/usr/lib/python3.9/http/client.py", line 923, in connect
      File "/usr/lib/python3.9/socket.py", line 822, in create_connection
      File "/usr/lib/python3.9/socket.py", line 953, in getaddrinfo
    socket.gaierror: [Errno -3] Temporary failure in name resolution

ERROR: Socket Address Error! https://raw.githubusercontent.com/theypsilon/Update_All_MiSTer/db/update_all_db.json: [Errno -3] Temporary failure in name resolution
ERROR: Socket Address Error! https://raw.githubusercontent.com/mrchrisster/MiSTer_SAM/db/db.json.zip: [Errno -3] Temporary failure in name resolution
DѮ |   ɮ                                                                                                                                                                                                                                                                                                                                                                                                                                                                                                                                                                                                                                                                                                                                                                                                                                                                                                                                                                                                                                                                                                                                                                                                                                                                                                                                                                                                                                                                                                                                                                                                                                                                                                                                                                                                                                                                                                                                                                                                                                                                                                                                                                                                                                                                                                                                                                                                                                                                                                                                                                                                                                                                                                                                                                                                                                                                                                                                                                                                                                                                                                                                                                                                                                                                                                                                                                                                                                                                                                                                                                                                                                                                                                                                                                                                                                                                                                                                                                                                                                                                                                                                                                                                                                                                                          Traceback (most recent call last):
  File "/app/downloader/jobs/fetch_data_worker.py", line 54, in _fetch_data
  File "/usr/lib/python3.9/contextlib.py", line 117, in __enter__
  File "/app/downloader/http_gateway.py", line 95, in open
  File "/app/downloader/http_gateway.py", line 135, in _request
  File "/app/downloader/http_gateway.py", line 407, in do_request
  File "/usr/lib/python3.9/http/client.py", line 1257, in request
  File "/usr/lib/python3.9/http/client.py", line 1303, in _send_request
  File "/usr/lib/python3.9/http/client.py", line 1252, in endheaders
  File "/usr/lib/python3.9/http/client.py", line 1012, in _send_output
  File "/usr/lib/python3.9/http/client.py", line 952, in send
  File "/usr/lib/python3.9/http/client.py", line 1419, in connect
  File "/usr/lib/python3.9/http/client.py", line 923, in connect
  File "/usr/lib/python3.9/socket.py", line 822, in create_connection
  File "/usr/lib/python3.9/socket.py", line 953, in getaddrinfo
socket.gaierror: [Errno -3] Temporary failure in name resolution

The above exception was the direct cause of the following exception:

downloader.jobs.errors.FileDownloadError: Socket Address Error! https://raw.githubusercontent.com/theypsilon/Distribution_Unofficial_MiSTer/main/unofficialdb.json.zip: [Errno -3] Temporary failure in name resolution
    CAUSE: Traceback (most recent call last):
      File "/app/downloader/jobs/fetch_data_worker.py", line 54, in _fetch_data
      File "/usr/lib/python3.9/contextlib.py", line 117, in __enter__
      File "/app/downloader/http_gateway.py", line 95, in open
      File "/app/downloader/http_gateway.py", line 135, in _request
      File "/app/downloader/http_gateway.py", line 407, in do_request
      File "/usr/lib/python3.9/http/client.py", line 1257, in request
      File "/usr/lib/python3.9/http/client.py", line 1303, in _send_request
      File "/usr/lib/python3.9/http/client.py", line 1252, in endheaders
      File "/usr/lib/python3.9/http/client.py", line 1012, in _send_output
      File "/usr/lib/python3.9/http/client.py", line 952, in send
      File "/usr/lib/python3.9/http/client.py", line 1419, in connect
      File "/usr/lib/python3.9/http/client.py", line 923, in connect
      File "/usr/lib/python3.9/socket.py", line 822, in create_connection
      File "/usr/lib/python3.9/socket.py", line 953, in getaddrinfo
    socket.gaierror: [Errno -3] Temporary failure in name resolution

ERROR: Socket Address Error! https://raw.githubusercontent.com/theypsilon/Distribution_Unofficial_MiSTer/main/unofficialdb.json.zip: [Errno -3] Temporary failure in name resolution
DEBUG| Traceback (most recent call last):
  File "/app/downloader/jobs/fetch_data_worker.py", line 54, in _fetch_data
  File "/usr/lib/python3.9/contextlib.py", line 117, in __enter__
  File "/app/downloader/http_gateway.py", line 95, in open
  File "/app/downloader/http_gateway.py", line 135, in _request
  File "/app/downloader/http_gateway.py", line 407, in do_request
  File "/usr/lib/python3.9/http/client.py", line 1257, in request
  File "/usr/lib/python3.9/http/client.py", line 1303, in _send_request
  File "/usr/lib/python3.9/http/client.py", line 1252, in endheaders
  File "/usr/lib/python3.9/http/client.py", line 1012, in _send_output
  File "/usr/lib/python3.9/http/client.py", line 952, in send
  File "/usr/lib/python3.9/http/client.py", line 1419, in connect
  File "/usr/lib/python3.9/http/client.py", line 923, in connect
  File "/usr/lib/python3.9/socket.py", line 822, in create_connection
  File "/usr/lib/python3.9/socket.py", line 953, in getaddrinfo
socket.gaierror: [Errno -3] Temporary failure in name resolution

The above exception was the direct cause of the following exception:

downloader.jobs.errors.FileDownloadError: Socket Address Error! https://raw.githubusercontent.com/MiSTer-devel/Distribution_MiSTer/main/db.json.zip: [Errno -3] Temporary failure in name resolution
    CAUSE: Traceback (most recent call last):
      File "/app/downloader/jobs/fetch_data_worker.py", line 54, in _fetch_data
      File "/usr/lib/python3.9/contextlib.py", line 117, in __enter__
      File "/app/downloader/http_gateway.py", line 95, in open
      File "/app/downloader/http_gateway.py", line 135, in _request
      File "/app/downloader/http_gateway.py", line 407, in do_request
      File "/usr/lib/python3.9/http/client.py", line 1257, in request
      File "/usr/lib/python3.9/http/client.py", line 1303, in _send_request
      File "/usr/lib/python3.9/http/client.py", line 1252, in endheaders
      File "/usr/lib/python3.9/http/client.py", line 1012, in _send_output
      File "/usr/lib/python3.9/http/client.py", line 952, in send
      File "/usr/lib/python3.9/http/client.py", line 1419, in connect
      File "/usr/lib/python3.9/http/client.py", line 923, in connect
      File "/usr/lib/python3.9/socket.py", line 822, in create_connection
      File "/usr/lib/python3.9/socket.py", line 953, in getaddrinfo
    socket.gaierror: [Errno -3] Temporary failure in name resolution

DEBUG|                                                                                                                                                                                                                                                                                                                                                                                                                                                                                                                                                                                                                                                                                                                                                                                                                                                                                                                                                                                                                                                                                                                                                                                                                                                                                                                                                                                                                                                                                                                                                                                                                                                                                                                                                                                                                                                                                                                                                                                                                                                                                                                                                                                                                                                                                                                                                                                                                                                                                                                           Traceback (most recent call last):
  File "/app/downloader/jobs/fetch_data_worker.py", line 54, in _fetch_data
  File "/usr/lib/python3.9/contextlib.py", line 117, in __enter__
  File "/app/downloader/http_gateway.py", line 95, in open
  File "/app/downloader/http_gateway.py", line 135, in _request
  File "/app/downloader/http_gateway.py", line 407, in do_request
  File "/usr/lib/python3.9/http/client.py", line 1257, in request
  File "/usr/lib/python3.9/http/client.py", line 1303, in _send_request
  File "/usr/lib/python3.9/http/client.py", line 1252, in endheaders
  File "/usr/lib/python3.9/http/client.py", line 1012, in _send_output
  File "/usr/lib/python3.9/http/client.py", line 952, in send
  File "/usr/lib/python3.9/http/client.py", line 1419, in connect
  File "/usr/lib/python3.9/http/client.py", line 923, in connect
  File "/usr/lib/python3.9/socket.py", line 822, in create_connection
  File "/usr/lib/python3.9/socket.py", line 953, in getaddrinfo
socket.gaierror: [Errno -3] Temporary failure in name resolution

The above exception was the direct cause of the following exception:

downloader.jobs.errors.FileDownloadError: Socket Address Error! https://raw.githubusercontent.com/agg23/mister-repository/db/manifest.json: [Errno -3] Temporary failure in name resolution
    CAUSE: Traceback (most recent call last):
      File "/app/downloader/jobs/fetch_data_worker.py", line 54, in _fetch_data
      File "/usr/lib/python3.9/contextlib.py", line 117, in __enter__
      File "/app/downloader/http_gateway.py", line 95, in open
      File "/app/downloader/http_gateway.py", line 135, in _request
      File "/app/downloader/http_gateway.py", line 407, in do_request
      File "/usr/lib/python3.9/http/client.py", line 1257, in request
      File "/usr/lib/python3.9/http/client.py", line 1303, in _send_request
      File "/usr/lib/python3.9/http/client.py", line 1252, in endheaders
      File "/usr/lib/python3.9/http/client.py", line 1012, in _send_output
      File "/usr/lib/python3.9/http/client.py", line 952, in send
      File "/usr/lib/python3.9/http/client.py", line 1419, in connect
      File "/usr/lib/python3.9/http/client.py", line 923, in connect
      File "/usr/lib/python3.9/socket.py", line 822, in create_connection
      File "/usr/lib/python3.9/socket.py", line 953, in getaddrinfo
    socket.gaierror: [Errno -3] Temporary failure in name resolution

ERROR: Socket Address Error! https://raw.githubusercontent.com/agg23/mister-repository/db/manifest.json: [Errno -3] Temporary failure in name resolution
ERROR: Socket Address Error! https://raw.githubusercontent.com/Coin-OpCollection/Distribution-MiSTerFPGA/db/db.json.zip: [Errno -3] Temporary failure in name resolution
DEBUG| Traceback (most recent call last):
  File "/app/downloader/jobs/fetch_data_worker.py", line 54, in _fetch_data
  File "/usr/lib/python3.9/contextlib.py", line 117, in __enter__
  File "/app/downloader/http_gateway.py", line 95, in open
  File "/app/downloader/http_gateway.py", line 135, in _request
  File "/app/downloader/http_gateway.py", line 407, in do_request
  File "/usr/lib/python3.9/http/client.py", line 1257, in request
  File "/usr/lib/python3.9/http/client.py", line 1303, in _send_request
  File "/usr/lib/python3.9/http/client.py", line 1252, in endheaders
  File "/usr/lib/python3.9/http/client.py", line 1012, in _send_output
  File "/usr/lib/python3.9/http/client.py", line 952, in send
  File "/usr/lib/python3.9/http/client.py", line 1419, in connect
  File "/usr/lib/python3.9/http/client.py", line 923, in connect
  File "/usr/lib/python3.9/socket.py", line 822, in create_connection
  File "/usr/lib/python3.9/socket.py", line 953, in getaddrinfo
socket.gaierror: [Errno -3] Temporary failure in name resolution

The above exception was the direct cause of the following exception:

downloader.jobs.errors.FileDownloadError: Socket Address Error! https://raw.githubusercontent.com/mrchrisster/MiSTer_SAM/db/db.json.zip: [Errno -3] Temporary failure in name resolution
    CAUSE: Traceback (most recent call last):
      File "/app/downloader/jobs/fetch_data_worker.py", line 54, in _fetch_data
      File "/usr/lib/python3.9/contextlib.py", line 117, in __enter__
      File "/app/downloader/http_gateway.py", line 95, in open
      File "/app/downloader/http_gateway.py", line 135, in _request
      File "/app/downloader/http_gateway.py", line 407, in do_request
      File "/usr/lib/python3.9/http/client.py", line 1257, in request
      File "/usr/lib/python3.9/http/client.py", line 1303, in _send_request
      File "/usr/lib/python3.9/http/client.py", line 1252, in endheaders
      File "/usr/lib/python3.9/http/client.py", line 1012, in _send_output
      File "/usr/lib/python3.9/http/client.py", line 952, in send
      File "/usr/lib/python3.9/http/client.py", line 1419, in connect
      File "/usr/lib/python3.9/http/client.py", line 923, in connect
      File "/usr/lib/python3.9/socket.py", line 822, in create_connection
      File "/usr/lib/python3.9/socket.py", line 953, in getaddrinfo
    socket.gaierror: [Errno -3] Temporary failure in name resolution

ERROR: Socket Address Error! https://raw.githubusercontent.com/mrchrisster/MiSTer_SAM/db/db.json.zip: [Errno -3] Temporary failure in name resolution
DEBUG| Traceback (most recent call last):
  File "/app/downloader/jobs/fetch_data_worker.py", line 54, in _fetch_data
  File "/usr/lib/python3.9/contextlib.py", line 117, in __enter__
  File "/app/downloader/http_gateway.py", line 95, in open
  File "/app/downloader/http_gateway.py", line 135, in _request
  File "/app/downloader/http_gateway.py", line 407, in do_request
  File "/usr/lib/python3.9/http/client.py", line 1257, in request
  File "/usr/lib/python3.9/http/client.py", line 1303, in _send_request
  File "/usr/lib/python3.9/http/client.py", line 1252, in endheaders
  File "/usr/lib/python3.9/http/client.py", line 1012, in _send_output
  File "/usr/lib/python3.9/http/client.py", line 952, in send
  File "/usr/lib/python3.9/http/client.py", line 1419, in connect
  File "/usr/lib/python3.9/http/client.py", line 923, in connect
  File "/usr/lib/python3.9/socket.py", line 822, in create_connection
  File "/usr/lib/python3.9/socket.py", line 953, in getaddrinfo
socket.gaierror: [Errno -3] Temporary failure in name resolution

The above exception was the direct cause of the following exception:

downloader.jobs.errors.FileDownloadError: Socket Address Error! https://raw.githubusercontent.com/wizzomafizzo/mrext/main/releases/all.json: [Errno -3] Temporary failure in name resolution
    CAUSE: Traceback (most recent call last):
      File "/app/downloader/jobs/fetch_data_worker.py", line 54, in _fetch_data
      File "/usr/lib/python3.9/contextlib.py", line 117, in __enter__
      File "/app/downloader/http_gateway.py", line 95, in open
      File "/app/downloader/http_gateway.py", line 135, in _request
      File "/app/downloader/http_gateway.py", line 407, in do_request
      File "/usr/lib/python3.9/http/client.py", line 1257, in request
      File "/usr/lib/python3.9/http/client.py", line 1303, in _send_request
      File "/usr/lib/python3.9/http/client.py", line 1252, in endheaders
      File "/usr/lib/python3.9/http/client.py", line 1012, in _send_output
      File "/usr/lib/python3.9/http/client.py", line 952, in send
      File "/usr/lib/python3.9/http/client.py", line 1419, in connect
      File "/usr/lib/python3.9/http/client.py", line 923, in connect
      File "/usr/lib/python3.9/socket.py", line 822, in create_connection
      File "/usr/lib/python3.9/socket.py", line 953, in getaddrinfo
    socket.gaierror: [Errno -3] Temporary failure in name resolution

ERROR: Socket Address Error! https://raw.githubusercontent.com/wizzomafizzo/mrext/main/releases/all.json: [Errno -3] Temporary failure in name resolution
ERROR: Socket Address Error! https://raw.githubusercontent.com/MiSTer-devel/Distribution_MiSTer/main/db.json.zip: [Errno -3] Temporary failure in name resolution
*********DEBUG| DEBUG| Traceback (most recent call last):
  File "/app/downloader/jobs/fetch_data_worker.py", line 54, in _fetch_data
  File "/usr/lib/python3.9/contextlib.py", line 117, in __enter__
  File "/app/downloader/http_gateway.py", line 95, in open
  File "/app/downloader/http_gateway.py", line 135, in _request
  File "/app/downloader/http_gateway.py", line 407, in do_request
  File "/usr/lib/python3.9/http/client.py", line 1257, in request
  File "/usr/lib/python3.9/http/client.py", line 1303, in _send_request
  File "/usr/lib/python3.9/http/client.py", line 1252, in endheaders
  File "/usr/lib/python3.9/http/client.py", line 1012, in _send_output
  File "/usr/lib/python3.9/http/client.py", line 952, in send
  File "/usr/lib/python3.9/http/client.py", line 1419, in connect
  File "/usr/lib/python3.9/http/client.py", line 923, in connect
  File "/usr/lib/python3.9/socket.py", line 822, in create_connection
  File "/usr/lib/python3.9/socket.py", line 953, in getaddrinfo
socket.gaierror: [Errno -3] Temporary failure in name resolution

The above exception was the direct cause of the following exception:

downloader.jobs.errors.FileDownloadError: Socket Address Error! https://raw.githubusercontent.com/jotego/jtcores_mister/main/jtbindb.json.zip: [Errno -3] Temporary failure in name resolution
    CAUSE: Traceback (most recent call last):
      File "/app/downloader/jobs/fetch_data_worker.py", line 54, in _fetch_data
      File "/usr/lib/python3.9/contextlib.py", line 117, in __enter__
      File "/app/downloader/http_gateway.py", line 95, in open
      File "/app/downloader/http_gateway.py", line 135, in _request
      File "/app/downloader/http_gateway.py", line 407, in do_request
      File "/usr/lib/python3.9/http/client.py", line 1257, in request
      File "/usr/lib/python3.9/http/client.py", line 1303, in _send_request
      File "/usr/lib/python3.9/http/client.py", line 1252, in endheaders
      File "/usr/lib/python3.9/http/client.py", line 1012, in _send_output
      File "/usr/lib/python3.9/http/client.py", line 952, in send
      File "/usr/lib/python3.9/http/client.py", line 1419, in connect
      File "/usr/lib/python3.9/http/client.py", line 923, in connect
      File "/usr/lib/python3.9/socket.py", line 822, in create_connection
      File "/usr/lib/python3.9/socket.py", line 953, in getaddrinfo
    socket.gaierror: [Errno -3] Temporary failure in name resolution

DEBUG| Traceback (most recent call last):
  File "/app/downloader/jobs/fetch_data_worker.py", line 54, in _fetch_data
  File "/usr/lib/python3.9/contextlib.py", line 117, in __enter__
  File "/app/downloader/http_gateway.py", line 95, in open
  File "/app/downloader/http_gateway.py", line 135, in _request
  File "/app/downloader/http_gateway.py", line 407, in do_request
  File "/usr/lib/python3.9/http/client.py", line 1257, in request
  File "/usr/lib/python3.9/http/client.py", line 1303, in _send_request
  File "/usr/lib/python3.9/http/client.py", line 1252, in endheaders
  File "/usr/lib/python3.9/http/client.py", line 1012, in _send_output
  File "/usr/lib/python3.9/http/client.py", line 952, in send
  File "/usr/lib/python3.9/http/client.py", line 1419, in connect
  File "/usr/lib/python3.9/http/client.py", line 923, in connect
  File "/usr/lib/python3.9/socket.py", line 822, in create_connection
  File "/usr/lib/python3.9/socket.py", line 953, in getaddrinfo
socket.gaierror: [Errno -3] Temporary failure in name resolution

The above exception was the direct cause of the following exception:

downloader.jobs.errors.FileDownloadError: Socket Address Error! https://raw.githubusercontent.com/theypsilon/Update_All_MiSTer/db/update_all_db.json: [Errno -3] Temporary failure in name resolution
    CAUSE: Traceback (most recent call last):
      File "/app/downloader/jobs/fetch_data_worker.py", line 54, in _fetch_data
      File "/usr/lib/python3.9/contextlib.py", line 117, in __enter__
      File "/app/downloader/http_gateway.py", line 95, in open
      File "/app/downloader/http_gateway.py", line 135, in _request
      File "/app/downloader/http_gateway.py", line 407, in do_request
      File "/usr/lib/python3.9/http/client.py", line 1257, in request
      File "/usr/lib/python3.9/http/client.py", line 1303, in _send_request
      File "/usr/lib/python3.9/http/client.py", line 1252, in endheaders
      File "/usr/lib/python3.9/http/client.py", line 1012, in _send_output
      File "/usr/lib/python3.9/http/client.py", line 952, in send
      File "/usr/lib/python3.9/http/client.py", line 1419, in connect
      File "/usr/lib/python3.9/http/client.py", line 923, in connect
      File "/usr/lib/python3.9/socket.py", line 822, in create_connection
      File "/usr/lib/python3.9/socket.py", line 953, in getaddrinfo
    socket.gaierror: [Errno -3] Temporary failure in name resolution

ERROR: Socket Address Error! https://raw.githubusercontent.com/theypsilon/Update_All_MiSTer/db/update_all_db.json: [Errno -3] Temporary failure in name resolution
DEBUG| Traceback (most recent call last):
  File "/app/downloader/jobs/fetch_data_worker.py", line 54, in _fetch_data
  File "/usr/lib/python3.9/contextlib.py", line 117, in __enter__
  File "/app/downloader/http_gateway.py", line 95, in open
  File "/app/downloader/http_gateway.py", line 135, in _request
  File "/app/downloader/http_gateway.py", line 407, in do_request
  File "/usr/lib/python3.9/http/client.py", line 1257, in request
  File "/usr/lib/python3.9/http/client.py", line 1303, in _send_request
  File "/usr/lib/python3.9/http/client.py", line 1252, in endheaders
  File "/usr/lib/python3.9/http/client.py", line 1012, in _send_output
  File "/usr/lib/python3.9/http/client.py", line 952, in send
  File "/usr/lib/python3.9/http/client.py", line 1419, in connect
  File "/usr/lib/python3.9/http/client.py", line 923, in connect
  File "/usr/lib/python3.9/socket.py", line 822, in create_connection
  File "/usr/lib/python3.9/socket.py", line 953, in getaddrinfo
socket.gaierror: [Errno -3] Temporary failure in name resolution

The above exception was the direct cause of the following exception:

downloader.jobs.errors.FileDownloadError: Socket Address Error! https://raw.githubusercontent.com/agg23/mister-repository/db/manifest.json: [Errno -3] Temporary failure in name resolution
    CAUSE: Traceback (most recent call last):
      File "/app/downloader/jobs/fetch_data_worker.py", line 54, in _fetch_data
      File "/usr/lib/python3.9/contextlib.py", line 117, in __enter__
      File "/app/downloader/http_gateway.py", line 95, in open
      File "/app/downloader/http_gateway.py", line 135, in _request
      File "/app/downloader/http_gateway.py", line 407, in do_request
      File "/usr/lib/python3.9/http/client.py", line 1257, in request
      File "/usr/lib/python3.9/http/client.py", line 1303, in _send_request
      File "/usr/lib/python3.9/http/client.py", line 1252, in endheaders
      File "/usr/lib/python3.9/http/client.py", line 1012, in _send_output
      File "/usr/lib/python3.9/http/client.py", line 952, in send
      File "/usr/lib/python3.9/http/client.py", line 1419, in connect
      File "/usr/lib/python3.9/http/client.py", line 923, in connect
      File "/usr/lib/python3.9/socket.py", line 822, in create_connection
      File "/usr/lib/python3.9/socket.py", line 953, in getaddrinfo
    socket.gaierror: [Errno -3] Temporary failure in name resolution

ERROR: Socket Address Error! https://raw.githubusercontent.com/agg23/mister-repository/db/manifest.json: [Errno -3] Temporary failure in name resolution
DEBUG| Traceback (most recent call last):
  File "/app/downloader/jobs/fetch_data_worker.py", line 54, in _fetch_data
  File "/usr/lib/python3.9/contextlib.py", line 117, in __enter__
  File "/app/downloader/http_gateway.py", line 95, in open
  File "/app/downloader/http_gateway.py", line 135, in _request
  File "/app/downloader/http_gateway.py", line 407, in do_request
  File "/usr/lib/python3.9/http/client.py", line 1257, in request
  File "/usr/lib/python3.9/http/client.py", line 1303, in _send_request
  File "/usr/lib/python3.9/http/client.py", line 1252, in endheaders
  File "/usr/lib/python3.9/http/client.py", line 1012, in _send_output
  File "/usr/lib/python3.9/http/client.py", line 952, in send
  File "/usr/lib/python3.9/http/client.py", line 1419, in connect
  File "/usr/lib/python3.9/http/client.py", line 923, in connect
  File "/usr/lib/python3.9/socket.py", line 822, in create_connection
  File "/usr/lib/python3.9/socket.py", line 953, in getaddrinfo
socket.gaierror: [Errno -3] Temporary failure in name resolution

The above exception was the direct cause of the following exception:

downloader.jobs.errors.FileDownloadError: Socket Address Error! https://raw.githubusercontent.com/Toryalai1/Arcade_Offset/db/arcadeoffsetdb.json.zip: [Errno -3] Temporary failure in name resolution
    CAUSE: Traceback (most recent call last):
      File "/app/downloader/jobs/fetch_data_worker.py", line 54, in _fetch_data
      File "/usr/lib/python3.9/contextlib.py", line 117, in __enter__
      File "/app/downloader/http_gateway.py", line 95, in open
      File "/app/downloader/http_gateway.py", line 135, in _request
      File "/app/downloader/http_gateway.py", line 407, in do_request
      File "/usr/lib/python3.9/http/client.py", line 1257, in request
      File "/usr/lib/python3.9/http/client.py", line 1303, in _send_request
      File "/usr/lib/python3.9/http/client.py", line 1252, in endheaders
      File "/usr/lib/python3.9/http/client.py", line 1012, in _send_output
      File "/usr/lib/python3.9/http/client.py", line 952, in send
      File "/usr/lib/python3.9/http/client.py", line 1419, in connect
      File "/usr/lib/python3.9/http/client.py", line 923, in connect
      File "/usr/lib/python3.9/socket.py", line 822, in create_connection
      File "/usr/lib/python3.9/socket.py", line 953, in getaddrinfo
    socket.gaierror: [Errno -3] Temporary failure in name resolution

ERROR: Socket Address Error! https://raw.githubusercontent.com/Toryalai1/Arcade_Offset/db/arcadeoffsetdb.json.zip: [Errno -3] Temporary failure in name resolution
*********DEBUG|                                                                                                                                                                                                                                                                                                                                                                                                                                                                                                                                                                                                                                                                                                                                                                                                                                                                                                                                                                                                                                                                                                                                                                                                                                                                                                                                                                                                                                                                                                                                                                                                                                                                                                                                                                                                                                                                                                                                                                                                                                                                                                                                                                                                                                                                                                                                                                                                                                                                                                                                                                                                                                                                                                                                                                                                                                                                                                                                                                                                                                                                                                                                                                                                                                                                                                                                                                                                                                                                                                                                                                                                                                                                                                                                                                                                                                                                                                                                                                                                                                                                                                                                                                                                                                                                                                                                                                                                                                                                                                                                                                                                                                                                                                                                                                                                                                                                                                                                                                                                                                                                                                                                                                                                                                                                                                                                                                                                                                                                                                                                                                                    Traceback (most recent call last):
  File "/app/downloader/jobs/fetch_data_worker.py", line 54, in _fetch_data
  File "/usr/lib/python3.9/contextlib.py", line 117, in __enter__
  File "/app/downloader/http_gateway.py", line 95, in open
  File "/app/downloader/http_gateway.py", line 135, in _request
  File "/app/downloader/http_gateway.py", line 407, in do_request
  File "/usr/lib/python3.9/http/client.py", line 1257, in request
  File "/usr/lib/python3.9/http/client.py", line 1303, in _send_request
  File "/usr/lib/python3.9/http/client.py", line 1252, in endheaders
  File "/usr/lib/python3.9/http/client.py", line 1012, in _send_output
  File "/usr/lib/python3.9/http/client.py", line 952, in send
  File "/usr/lib/python3.9/http/client.py", line 1419, in connect
  File "/usr/lib/python3.9/http/client.py", line 923, in connect
  File "/usr/lib/python3.9/socket.py", line 822, in create_connection
  File "/usr/lib/python3.9/socket.py", line 953, in getaddrinfo
socket.gaierror: [Errno -3] Temporary failure in name resolution

The above exception was the direct cause of the following exception:

downloader.jobs.errors.FileDownloadError: Socket Address Error! https://raw.githubusercontent.com/theypsilon/Update_All_MiSTer/db/update_all_db.json: [Errno -3] Temporary failure in name resolution
    CAUSE: Traceback (most recent call last):
      File "/app/downloader/jobs/fetch_data_worker.py", line 54, in _fetch_data
      File "/usr/lib/python3.9/contextlib.py", line 117, in __enter__
      File "/app/downloader/http_gateway.py", line 95, in open
      File "/app/downloader/http_gateway.py", line 135, in _request
      File "/app/downloader/http_gateway.py", line 407, in do_request
      File "/usr/lib/python3.9/http/client.py", line 1257, in request
      File "/usr/lib/python3.9/http/client.py", line 1303, in _send_request
      File "/usr/lib/python3.9/http/client.py", line 1252, in endheaders
      File "/usr/lib/python3.9/http/client.py", line 1012, in _send_output
      File "/usr/lib/python3.9/http/client.py", line 952, in send
      File "/usr/lib/python3.9/http/client.py", line 1419, in connect
      File "/usr/lib/python3.9/http/client.py", line 923, in connect
      File "/usr/lib/python3.9/socket.py", line 822, in create_connection
      File "/usr/lib/python3.9/socket.py", line 953, in getaddrinfo
    socket.gaierror: [Errno -3] Temporary failure in name resolution

DEBUG| Traceback (most recent call last):
  File "/app/downloader/jobs/fetch_data_worker.py", line 54, in _fetch_data
  File "/usr/lib/python3.9/contextlib.py", line 117, in __enter__
  File "/app/downloader/http_gateway.py", line 95, in open
  File "/app/downloader/http_gateway.py", line 135, in _request
  File "/app/downloader/http_gateway.py", line 407, in do_request
  File "/usr/lib/python3.9/http/client.py", line 1257, in request
  File "/usr/lib/python3.9/http/client.py", line 1303, in _send_request
  File "/usr/lib/python3.9/http/client.py", line 1252, in endheaders
  File "/usr/lib/python3.9/http/client.py", line 1012, in _send_output
  File "/usr/lib/python3.9/http/client.py", line 952, in send
  File "/usr/lib/python3.9/http/client.py", line 1419, in connect
  File "/usr/lib/python3.9/http/client.py", line 923, in connect
  File "/usr/lib/python3.9/socket.py", line 822, in create_connection
  File "/usr/lib/python3.9/socket.py", line 953, in getaddrinfo
socket.gaierror: [Errno -3] Temporary failure in name resolution

The above exception was the direct cause of the following exception:

downloader.jobs.errors.FileDownloadError: Socket Address Error! https://raw.githubusercontent.com/wizzomafizzo/mrext/main/releases/all.json: [Errno -3] Temporary failure in name resolution
    CAUSE: Traceback (most recent call last):
      File "/app/downloader/jobs/fetch_data_worker.py", line 54, in _fetch_data
      File "/usr/lib/python3.9/contextlib.py", line 117, in __enter__
      File "/app/downloader/http_gateway.py", line 95, in open
      File "/app/downloader/http_gateway.py", line 135, in _request
      File "/app/downloader/http_gateway.py", line 407, in do_request
      File "/usr/lib/python3.9/http/client.py", line 1257, in request
      File "/usr/lib/python3.9/http/client.py", line 1303, in _send_request
      File "/usr/lib/python3.9/http/client.py", line 1252, in endheaders
      File "/usr/lib/python3.9/http/client.py", line 1012, in _send_output
      File "/usr/lib/python3.9/http/client.py", line 952, in send
      File "/usr/lib/python3.9/http/client.py", line 1419, in connect
      File "/usr/lib/python3.9/http/client.py", line 923, in connect
      File "/usr/lib/python3.9/socket.py", line 822, in create_connection
      File "/usr/lib/python3.9/socket.py", line 953, in getaddrinfo
    socket.gaierror: [Errno -3] Temporary failure in name resolution

ERROR: Socket Address Error! https://raw.githubusercontent.com/wizzomafizzo/mrext/main/releases/all.json: [Errno -3] Temporary failure in name resolution
DEBUG| Traceback (most recent call last):
  File "/app/downloader/jobs/fetch_data_worker.py", line 54, in _fetch_data
  File "/usr/lib/python3.9/contextlib.py", line 117, in __enter__
  File "/app/downloader/http_gateway.py", line 95, in open
  File "/app/downloader/http_gateway.py", line 135, in _request
  File "/app/downloader/http_gateway.py", line 407, in do_request
  File "/usr/lib/python3.9/http/client.py", line 1257, in request
  File "/usr/lib/python3.9/http/client.py", line 1303, in _send_request
  File "/usr/lib/python3.9/http/client.py", line 1252, in endheaders
  File "/usr/lib/python3.9/http/client.py", line 1012, in _send_output
  File "/usr/lib/python3.9/http/client.py", line 952, in send
  File "/usr/lib/python3.9/http/client.py", line 1419, in connect
  File "/usr/lib/python3.9/http/client.py", line 923, in connect
  File "/usr/lib/python3.9/socket.py", line 822, in create_connection
  File "/usr/lib/python3.9/socket.py", line 953, in getaddrinfo
socket.gaierror: [Errno -3] Temporary failure in name resolution

The above exception was the direct cause of the following exception:

downloader.jobs.errors.FileDownloadError: Socket Address Error! https://raw.githubusercontent.com/mrchrisster/MiSTer_SAM/db/db.json.zip: [Errno -3] Temporary failure in name resolution
    CAUSE: Traceback (most recent call last):
      File "/app/downloader/jobs/fetch_data_worker.py", line 54, in _fetch_data
      File "/usr/lib/python3.9/contextlib.py", line 117, in __enter__
      File "/app/downloader/http_gateway.py", line 95, in open
      File "/app/downloader/http_gateway.py", line 135, in _request
      File "/app/downloader/http_gateway.py", line 407, in do_request
      File "/usr/lib/python3.9/http/client.py", line 1257, in request
      File "/usr/lib/python3.9/http/client.py", line 1303, in _send_request
      File "/usr/lib/python3.9/http/client.py", line 1252, in endheaders
      File "/usr/lib/python3.9/http/client.py", line 1012, in _send_output
      File "/usr/lib/python3.9/http/client.py", line 952, in send
      File "/usr/lib/python3.9/http/client.py", line 1419, in connect
      File "/usr/lib/python3.9/http/client.py", line 923, in connect
      File "/usr/lib/python3.9/socket.py", line 822, in create_connection
      File "/usr/lib/python3.9/socket.py", line 953, in getaddrinfo
    socket.gaierror: [Errno -3] Temporary failure in name resolution

DEBUG| Traceback (most recent call last):
  File "/app/downloader/jobs/fetch_data_worker.py", line 54, in _fetch_data
  File "/usr/lib/python3.9/contextlib.py", line 117, in __enter__
  File "/app/downloader/http_gateway.py", line 95, in open
  File "/app/downloader/http_gateway.py", line 135, in _request
  File "/app/downloader/http_gateway.py", line 407, in do_request
  File "/usr/lib/python3.9/http/client.py", line 1257, in request
  File "/usr/lib/python3.9/http/client.py", line 1303, in _send_request
  File "/usr/lib/python3.9/http/client.py", line 1252, in endheaders
  File "/usr/lib/python3.9/http/client.py", line 1012, in _send_output
  File "/usr/lib/python3.9/http/client.py", line 952, in send
  File "/usr/lib/python3.9/http/client.py", line 1419, in connect
  File "/usr/lib/python3.9/http/client.py", line 923, in connect
  File "/usr/lib/python3.9/socket.py", line 822, in create_connection
  File "/usr/lib/python3.9/socket.py", line 953, in getaddrinfo
socket.gaierror: [Errno -3] Temporary failure in name resolution

The above exception was the direct cause of the following exception:

downloader.jobs.errors.FileDownloadError: Socket Address Error! https://raw.githubusercontent.com/jotego/jtcores_mister/main/jtbindb.json.zip: [Errno -3] Temporary failure in name resolution
    CAUSE: Traceback (most recent call last):
      File "/app/downloader/jobs/fetch_data_worker.py", line 54, in _fetch_data
      File "/usr/lib/python3.9/contextlib.py", line 117, in __enter__
      File "/app/downloader/http_gateway.py", line 95, in open
      File "/app/downloader/http_gateway.py", line 135, in _request
      File "/app/downloader/http_gateway.py", line 407, in do_request
      File "/usr/lib/python3.9/http/client.py", line 1257, in request
      File "/usr/lib/python3.9/http/client.py", line 1303, in _send_request
      File "/usr/lib/python3.9/http/client.py", line 1252, in endheaders
      File "/usr/lib/python3.9/http/client.py", line 1012, in _send_output
      File "/usr/lib/python3.9/http/client.py", line 952, in send
      File "/usr/lib/python3.9/http/client.py", line 1419, in connect
      File "/usr/lib/python3.9/http/client.py", line 923, in connect
      File "/usr/lib/python3.9/socket.py", line 822, in create_connection
      File "/usr/lib/python3.9/socket.py", line 953, in getaddrinfo
    socket.gaierror: [Errno -3] Temporary failure in name resolution

ERROR: Socket Address Error! https://raw.githubusercontent.com/theypsilon/Update_All_MiSTer/db/update_all_db.json: [Errno -3] Temporary failure in name resolution
ERROR: Socket Address Error! https://raw.githubusercontent.com/mrchrisster/MiSTer_SAM/db/db.json.zip: [Errno -3] Temporary failure in name resolution
ERROR: Socket Address Error! https://raw.githubusercontent.com/jotego/jtcores_mister/main/jtbindb.json.zip: [Errno -3] Temporary failure in name resolution
*********DEBUG| Traceback (most recent call last):
  File "/app/downloader/jobs/fetch_data_worker.py", line 54, in _fetch_data
  File "/usr/lib/python3.9/contextlib.py", line 117, in __enter__
  File "/app/downloader/http_gateway.py", line 95, in open
  File "/app/downloader/http_gateway.py", line 135, in _request
  File "/app/downloader/http_gateway.py", line 407, in do_request
  File "/usr/lib/python3.9/http/client.py", line 1257, in request
  File "/usr/lib/python3.9/http/client.py", line 1303, in _send_request
  File "/usr/lib/python3.9/http/client.py", line 1252, in endheaders
  File "/usr/lib/python3.9/http/client.py", line 1012, in _send_output
  File "/usr/lib/python3.9/http/client.py", line 952, in send
  File "/usr/lib/python3.9/http/client.py", line 1419, in connect
  File "/usr/lib/python3.9/http/client.py", line 923, in connect
  File "/usr/lib/python3.9/socket.py", line 822, in create_connection
  File "/usr/lib/python3.9/socket.py", line 953, in getaddrinfo
socket.gaierror: [Errno -3] Temporary failure in name resolution

The above exception was the direct cause of the following exception:

downloader.jobs.errors.FileDownloadError: Socket Address Error! https://raw.githubusercontent.com/wizzomafizzo/mrext/main/releases/all.json: [Errno -3] Temporary failure in name resolution
    CAUSE: Traceback (most recent call last):
      File "/app/downloader/jobs/fetch_data_worker.py", line 54, in _fetch_data
      File "/usr/lib/python3.9/contextlib.py", line 117, in __enter__
      File "/app/downloader/http_gateway.py", line 95, in open
      File "/app/downloader/http_gateway.py", line 135, in _request
      File "/app/downloader/http_gateway.py", line 407, in do_request
      File "/usr/lib/python3.9/http/client.py", line 1257, in request
      File "/usr/lib/python3.9/http/client.py", line 1303, in _send_request
      File "/usr/lib/python3.9/http/client.py", line 1252, in endheaders
      File "/usr/lib/python3.9/http/client.py", line 1012, in _send_output
      File "/usr/lib/python3.9/http/client.py", line 952, in send
      File "/usr/lib/python3.9/http/client.py", line 1419, in connect
      File "/usr/lib/python3.9/http/client.py", line 923, in connect
      File "/usr/lib/python3.9/socket.py", line 822, in create_connection
      File "/usr/lib/python3.9/socket.py", line 953, in getaddrinfo
    socket.gaierror: [Errno -3] Temporary failure in name resolution

ERROR: Socket Address Error! https://raw.githubusercontent.com/wizzomafizzo/mrext/main/releases/all.json: [Errno -3] Temporary failure in name resolution

DEBUG| downloader.online_importer.NetworkProblems: Network problems detected. db_fetch_success == 0 and db_fetch_errors == 9

                                                                                                                                                                                                                                                                                                                                                                                                                                                                                                                                                                                                                                                                                                                                                                                                                                                                                                                                                                                                                                                                                                                                                                                                                                                                                                                                                                                                                                                                                                                                                                                                                                                                                                                                                                                                                                                                                                                                                                                                                                                                                                                                                                                                                                                                                                                                                                                                                                                                                                                                                                                                                                                                                       WARNING: cacert file at "/etc/ssl/certs/cacert.pem" seems to be wrong!
         Return Code: 6
Removing /etc/ssl/certs/cacert.pem (/etc/ssl/certs/cacert.pem)
DEBUG| unlink error: Traceback (most recent call last):
  File "/app/downloader/file_system.py", line 643, in _unlink
  File "/usr/lib/python3.9/pathlib.py", line 1344, in unlink
OSError: [Errno 30] Read-only file system: '/etc/ssl/certs/cacert.pem'

DEBUG| Traceback (most recent call last):
  File "/app/downloader/file_system.py", line 643, in _unlink
  File "/usr/lib/python3.9/pathlib.py", line 1344, in unlink
OSError: [Errno 30] Read-only file system: '/etc/ssl/certs/cacert.pem'

DEBUG| ERROR: Could not remove certs file.
DEBUG| 
DEBUG| Attempting again in 10 seconds...
DEBUG| 
WARNING: cacert file at "/etc/ssl/certs/cacert.pem" seems to be wrong!
         Return Code: 6
Removing /etc/ssl/certs/cacert.pem (/etc/ssl/certs/cacert.pem)
DEBUG| unlink error: Traceback (most recent call last):
  File "/app/downloader/file_system.py", line 643, in _unlink
  File "/usr/lib/python3.9/pathlib.py", line 1344, in unlink
OSError: [Errno 30] Read-only file system: '/etc/ssl/certs/cacert.pem'

DEBUG| Traceback (most recent call last):
  File "/app/downloader/file_system.py", line 643, in _unlink
  File "/usr/lib/python3.9/pathlib.py", line 1344, in unlink
OSError: [Errno 30] Read-only file system: '/etc/ssl/certs/cacert.pem'

DEBUG| ERROR: Could not remove certs file.
DEBUG| 
DEBUG| Attempting again in 10 seconds...
DEBUG| 
WARNING: cacert file at "/etc/ssl/certs/cacert.pem" seems to be wrong!
         Return Code: 6
Removing /etc/ssl/certs/cacert.pem (/etc/ssl/certs/cacert.pem)
DEBUG| unlink error: Traceback (most recent call last):
  File "/app/downloader/file_system.py", line 643, in _unlink
  File "/usr/lib/python3.9/pathlib.py", line 1344, in unlink
OSError: [Errno 30] Read-only file system: '/etc/ssl/certs/cacert.pem'

DEBUG| Traceback (most recent call last):
  File "/app/downloader/file_system.py", line 643, in _unlink
  File "/usr/lib/python3.9/pathlib.py", line 1344, in unlink
OSError: [Errno 30] Read-only file system: '/etc/ssl/certs/cacert.pem'

DEBUG| ERROR: Could not remove certs file.
ERROR: Couldn't load certificates.

Please, reboot your system and try again.
DEBUG| Removing run signal: /tmp/downloader_run_signal
DEBUG| Removing "/tmp/downloader_run_signal"
DEBUG| Moving "/media/fat/Scripts/.config/downloader/downloader_old3.log" to "/media/fat/Scripts/.config/downloader/downloader_old4.log"
DEBUG| Moving "/media/fat/Scripts/.config/downloader/downloader_old2.log" to "/media/fat/Scripts/.config/downloader/downloader_old3.log"
DEBUG| Moving "/media/fat/Scripts/.config/downloader/downloader_old1.log" to "/media/fat/Scripts/.config/downloader/downloader_old2.log"
DEBUG| Moving "/media/fat/Scripts/.config/downloader/downloader.log" to "/media/fat/Scripts/.config/downloader/downloader_old1.log"
